Archive member included because of file (symbol)

c:/winavr-20100110/bin/../lib/gcc/avr/4.3.3/avr5\libgcc.a(_exit.o)
                              c:/winavr-20100110/bin/../lib/gcc/avr/4.3.3/../../../../avr/lib/avr5/crtm32.o (exit)
c:/winavr-20100110/bin/../lib/gcc/avr/4.3.3/avr5\libgcc.a(_copy_data.o)
                              ./MCAL/GPIO/HAL_GPIO.o (__do_copy_data)
c:/winavr-20100110/bin/../lib/gcc/avr/4.3.3/avr5\libgcc.a(_clear_bss.o)
                              ./MCAL/Interrupt/HAL_EXT_INTERRUPT.o (__do_clear_bss)
c:/winavr-20100110/bin/../lib/gcc/avr/4.3.3/avr5\libgcc.a(_fixunssfsi.o)
                              ./ECUAL/CHAR LCD/CHR_LCD.o (__fixunssfsi)
c:/winavr-20100110/bin/../lib/gcc/avr/4.3.3/avr5\libgcc.a(_addsub_sf.o)
                              c:/winavr-20100110/bin/../lib/gcc/avr/4.3.3/avr5\libgcc.a(_fixunssfsi.o) (__subsf3)
c:/winavr-20100110/bin/../lib/gcc/avr/4.3.3/avr5\libgcc.a(_mul_sf.o)
                              ./ECUAL/CHAR LCD/CHR_LCD.o (__mulsf3)
c:/winavr-20100110/bin/../lib/gcc/avr/4.3.3/avr5\libgcc.a(_div_sf.o)
                              ./ECUAL/CHAR LCD/CHR_LCD.o (__divsf3)
c:/winavr-20100110/bin/../lib/gcc/avr/4.3.3/avr5\libgcc.a(_gt_sf.o)
                              ./ECUAL/CHAR LCD/CHR_LCD.o (__gtsf2)
c:/winavr-20100110/bin/../lib/gcc/avr/4.3.3/avr5\libgcc.a(_ge_sf.o)
                              c:/winavr-20100110/bin/../lib/gcc/avr/4.3.3/avr5\libgcc.a(_fixunssfsi.o) (__gesf2)
c:/winavr-20100110/bin/../lib/gcc/avr/4.3.3/avr5\libgcc.a(_lt_sf.o)
                              ./ECUAL/CHAR LCD/CHR_LCD.o (__ltsf2)
c:/winavr-20100110/bin/../lib/gcc/avr/4.3.3/avr5\libgcc.a(_sf_to_si.o)
                              c:/winavr-20100110/bin/../lib/gcc/avr/4.3.3/avr5\libgcc.a(_fixunssfsi.o) (__fixsfsi)
c:/winavr-20100110/bin/../lib/gcc/avr/4.3.3/avr5\libgcc.a(_thenan_sf.o)
                              c:/winavr-20100110/bin/../lib/gcc/avr/4.3.3/avr5\libgcc.a(_addsub_sf.o) (__thenan_sf)
c:/winavr-20100110/bin/../lib/gcc/avr/4.3.3/avr5\libgcc.a(_prologue.o)
                              c:/winavr-20100110/bin/../lib/gcc/avr/4.3.3/avr5\libgcc.a(_addsub_sf.o) (__prologue_saves__)
c:/winavr-20100110/bin/../lib/gcc/avr/4.3.3/avr5\libgcc.a(_epilogue.o)
                              c:/winavr-20100110/bin/../lib/gcc/avr/4.3.3/avr5\libgcc.a(_addsub_sf.o) (__epilogue_restores__)
c:/winavr-20100110/bin/../lib/gcc/avr/4.3.3/avr5\libgcc.a(_pack_sf.o)
                              c:/winavr-20100110/bin/../lib/gcc/avr/4.3.3/avr5\libgcc.a(_addsub_sf.o) (__pack_f)
c:/winavr-20100110/bin/../lib/gcc/avr/4.3.3/avr5\libgcc.a(_unpack_sf.o)
                              c:/winavr-20100110/bin/../lib/gcc/avr/4.3.3/avr5\libgcc.a(_addsub_sf.o) (__unpack_f)
c:/winavr-20100110/bin/../lib/gcc/avr/4.3.3/avr5\libgcc.a(_fpcmp_parts_sf.o)
                              c:/winavr-20100110/bin/../lib/gcc/avr/4.3.3/avr5\libgcc.a(_gt_sf.o) (__fpcmp_parts_f)
c:/winavr-20100110/bin/../lib/gcc/avr/4.3.3/../../../../avr/lib/avr5\libc.a(memset.o)
                              ./ECUAL/CHAR LCD/CHR_LCD.o (memset)
c:/winavr-20100110/bin/../lib/gcc/avr/4.3.3/../../../../avr/lib/avr5\libc.a(sprintf.o)
                              ./ECUAL/CHAR LCD/CHR_LCD.o (sprintf)
c:/winavr-20100110/bin/../lib/gcc/avr/4.3.3/../../../../avr/lib/avr5\libc.a(vfprintf_std.o)
                              c:/winavr-20100110/bin/../lib/gcc/avr/4.3.3/../../../../avr/lib/avr5\libc.a(sprintf.o) (vfprintf)
c:/winavr-20100110/bin/../lib/gcc/avr/4.3.3/../../../../avr/lib/avr5\libc.a(strnlen_P.o)
                              c:/winavr-20100110/bin/../lib/gcc/avr/4.3.3/../../../../avr/lib/avr5\libc.a(vfprintf_std.o) (strnlen_P)
c:/winavr-20100110/bin/../lib/gcc/avr/4.3.3/../../../../avr/lib/avr5\libc.a(strnlen.o)
                              c:/winavr-20100110/bin/../lib/gcc/avr/4.3.3/../../../../avr/lib/avr5\libc.a(vfprintf_std.o) (strnlen)
c:/winavr-20100110/bin/../lib/gcc/avr/4.3.3/../../../../avr/lib/avr5\libc.a(fputc.o)
                              c:/winavr-20100110/bin/../lib/gcc/avr/4.3.3/../../../../avr/lib/avr5\libc.a(vfprintf_std.o) (fputc)
c:/winavr-20100110/bin/../lib/gcc/avr/4.3.3/../../../../avr/lib/avr5\libc.a(ultoa_invert.o)
                              c:/winavr-20100110/bin/../lib/gcc/avr/4.3.3/../../../../avr/lib/avr5\libc.a(vfprintf_std.o) (__ultoa_invert)

Allocating common symbols
Common symbol       size              file

int2_isr_func       0x2               ./MCAL/Interrupt/HAL_EXT_INTERRUPT.o
int1_isr_func       0x2               ./MCAL/Interrupt/HAL_EXT_INTERRUPT.o
int0_isr_func       0x2               ./MCAL/Interrupt/HAL_EXT_INTERRUPT.o

Memory Configuration

Name             Origin             Length             Attributes
text             0x00000000         0x00020000         xr
data             0x00800060         0x0000ffa0         rw !x
eeprom           0x00810000         0x00010000         rw !x
fuse             0x00820000         0x00000400         rw !x
lock             0x00830000         0x00000400         rw !x
signature        0x00840000         0x00000400         rw !x
*default*        0x00000000         0xffffffff

Linker script and memory map

LOAD c:/winavr-20100110/bin/../lib/gcc/avr/4.3.3/../../../../avr/lib/avr5/crtm32.o
LOAD ./MCAL/Interrupt/HAL_EXT_INTERRUPT.o
LOAD ./MCAL/Interrupt/HAL_INTERRUPT_MNG.o
LOAD ./MCAL/Interrupt/HAL_INT_INTERRUPT.o
LOAD ./MCAL/GPIO/HAL_GPIO.o
LOAD ./MCAL/EEPROM/HAL_EEPROM.o
LOAD ./MCAL/Device_CFG.o
LOAD ./ECUAL/Relay/ECU_RELAY.o
LOAD ./ECUAL/LED/ECU_LED.o
LOAD ./ECUAL/Keypad/ECU_KEYPAD.o
LOAD ./ECUAL/DC_MOTOR/ECU_DC_MOTOR.o
LOAD ./ECUAL/CHAR LCD/CHR_LCD.o
LOAD ./ECUAL/BTN/ECU_BTN.o
LOAD ./ECUAL/7 Segment/ECU_7_Segment.o
LOAD ./ECUAL/ECU_INIT.o
LOAD ./APP.o
LOAD c:/winavr-20100110/bin/../lib/gcc/avr/4.3.3/avr5\libgcc.a
LOAD c:/winavr-20100110/bin/../lib/gcc/avr/4.3.3/../../../../avr/lib/avr5\libc.a
LOAD c:/winavr-20100110/bin/../lib/gcc/avr/4.3.3/avr5\libgcc.a

.hash
 *(.hash)

.dynsym
 *(.dynsym)

.dynstr
 *(.dynstr)

.gnu.version
 *(.gnu.version)

.gnu.version_d
 *(.gnu.version_d)

.gnu.version_r
 *(.gnu.version_r)

.rel.init
 *(.rel.init)

.rela.init
 *(.rela.init)

.rel.text
 *(.rel.text)
 *(.rel.text.*)
 *(.rel.gnu.linkonce.t*)

.rela.text
 *(.rela.text)
 *(.rela.text.*)
 *(.rela.gnu.linkonce.t*)

.rel.fini
 *(.rel.fini)

.rela.fini
 *(.rela.fini)

.rel.rodata
 *(.rel.rodata)
 *(.rel.rodata.*)
 *(.rel.gnu.linkonce.r*)

.rela.rodata
 *(.rela.rodata)
 *(.rela.rodata.*)
 *(.rela.gnu.linkonce.r*)

.rel.data
 *(.rel.data)
 *(.rel.data.*)
 *(.rel.gnu.linkonce.d*)

.rela.data
 *(.rela.data)
 *(.rela.data.*)
 *(.rela.gnu.linkonce.d*)

.rel.ctors
 *(.rel.ctors)

.rela.ctors
 *(.rela.ctors)

.rel.dtors
 *(.rel.dtors)

.rela.dtors
 *(.rela.dtors)

.rel.got
 *(.rel.got)

.rela.got
 *(.rela.got)

.rel.bss
 *(.rel.bss)

.rela.bss
 *(.rela.bss)

.rel.plt
 *(.rel.plt)

.rela.plt
 *(.rela.plt)

.text           0x00000000     0x448c
 *(.vectors)
 .vectors       0x00000000       0x54 c:/winavr-20100110/bin/../lib/gcc/avr/4.3.3/../../../../avr/lib/avr5/crtm32.o
                0x00000000                __vectors
                0x00000000                __vector_default
 *(.vectors)
 *(.progmem.gcc*)
 *(.progmem*)
                0x00000054                . = ALIGN (0x2)
                0x00000054                __trampolines_start = .
 *(.trampolines)
 .trampolines   0x00000054        0x0 linker stubs
 *(.trampolines*)
                0x00000054                __trampolines_end = .
 *(.jumptables)
 *(.jumptables*)
 *(.lowtext)
 *(.lowtext*)
                0x00000054                __ctors_start = .
 *(.ctors)
                0x00000054                __ctors_end = .
                0x00000054                __dtors_start = .
 *(.dtors)
                0x00000054                __dtors_end = .
 SORT(*)(.ctors)
 SORT(*)(.dtors)
 *(.init0)
 .init0         0x00000054        0x0 c:/winavr-20100110/bin/../lib/gcc/avr/4.3.3/../../../../avr/lib/avr5/crtm32.o
                0x00000054                __init
 *(.init0)
 *(.init1)
 *(.init1)
 *(.init2)
 .init2         0x00000054        0xc c:/winavr-20100110/bin/../lib/gcc/avr/4.3.3/../../../../avr/lib/avr5/crtm32.o
 *(.init2)
 *(.init3)
 *(.init3)
 *(.init4)
 .init4         0x00000060       0x16 c:/winavr-20100110/bin/../lib/gcc/avr/4.3.3/avr5\libgcc.a(_copy_data.o)
                0x00000060                __do_copy_data
 .init4         0x00000076       0x10 c:/winavr-20100110/bin/../lib/gcc/avr/4.3.3/avr5\libgcc.a(_clear_bss.o)
                0x00000076                __do_clear_bss
 *(.init4)
 *(.init5)
 *(.init5)
 *(.init6)
 *(.init6)
 *(.init7)
 *(.init7)
 *(.init8)
 *(.init8)
 *(.init9)
 .init9         0x00000086        0x8 c:/winavr-20100110/bin/../lib/gcc/avr/4.3.3/../../../../avr/lib/avr5/crtm32.o
 *(.init9)
 *(.text)
 .text          0x0000008e        0x4 c:/winavr-20100110/bin/../lib/gcc/avr/4.3.3/../../../../avr/lib/avr5/crtm32.o
                0x0000008e                __vector_12
                0x0000008e                __bad_interrupt
                0x0000008e                __vector_6
                0x0000008e                __vector_11
                0x0000008e                __vector_13
                0x0000008e                __vector_17
                0x0000008e                __vector_19
                0x0000008e                __vector_7
                0x0000008e                __vector_5
                0x0000008e                __vector_4
                0x0000008e                __vector_9
                0x0000008e                __vector_15
                0x0000008e                __vector_8
                0x0000008e                __vector_14
                0x0000008e                __vector_10
                0x0000008e                __vector_16
                0x0000008e                __vector_18
                0x0000008e                __vector_20
 .text          0x00000092        0x0 ./MCAL/Interrupt/HAL_EXT_INTERRUPT.o
 .text          0x00000092        0x0 ./MCAL/Interrupt/HAL_INTERRUPT_MNG.o
 .text          0x00000092        0x0 ./MCAL/Interrupt/HAL_INT_INTERRUPT.o
 .text          0x00000092        0x0 ./MCAL/GPIO/HAL_GPIO.o
 .text          0x00000092        0x0 ./MCAL/EEPROM/HAL_EEPROM.o
 .text          0x00000092        0x0 ./MCAL/Device_CFG.o
 .text          0x00000092        0x0 ./ECUAL/Relay/ECU_RELAY.o
 .text          0x00000092        0x0 ./ECUAL/LED/ECU_LED.o
 .text          0x00000092        0x0 ./ECUAL/Keypad/ECU_KEYPAD.o
 .text          0x00000092        0x0 ./ECUAL/DC_MOTOR/ECU_DC_MOTOR.o
 .text          0x00000092        0x0 ./ECUAL/CHAR LCD/CHR_LCD.o
 .text          0x00000092        0x0 ./ECUAL/BTN/ECU_BTN.o
 .text          0x00000092        0x0 ./ECUAL/7 Segment/ECU_7_Segment.o
 .text          0x00000092        0x0 ./ECUAL/ECU_INIT.o
 .text          0x00000092        0x0 ./APP.o
 .text          0x00000092        0x0 c:/winavr-20100110/bin/../lib/gcc/avr/4.3.3/avr5\libgcc.a(_exit.o)
 .text          0x00000092        0x0 c:/winavr-20100110/bin/../lib/gcc/avr/4.3.3/avr5\libgcc.a(_copy_data.o)
 .text          0x00000092        0x0 c:/winavr-20100110/bin/../lib/gcc/avr/4.3.3/avr5\libgcc.a(_clear_bss.o)
 .text          0x00000092       0x58 c:/winavr-20100110/bin/../lib/gcc/avr/4.3.3/avr5\libgcc.a(_fixunssfsi.o)
                0x00000092                __fixunssfsi
 .text          0x000000ea      0x354 c:/winavr-20100110/bin/../lib/gcc/avr/4.3.3/avr5\libgcc.a(_addsub_sf.o)
                0x00000382                __subsf3
                0x000003e4                __addsf3
 .text          0x0000043e      0x1f4 c:/winavr-20100110/bin/../lib/gcc/avr/4.3.3/avr5\libgcc.a(_mul_sf.o)
                0x0000043e                __mulsf3
 .text          0x00000632      0x158 c:/winavr-20100110/bin/../lib/gcc/avr/4.3.3/avr5\libgcc.a(_div_sf.o)
                0x00000632                __divsf3
 .text          0x0000078a       0x60 c:/winavr-20100110/bin/../lib/gcc/avr/4.3.3/avr5\libgcc.a(_gt_sf.o)
                0x0000078a                __gtsf2
 .text          0x000007ea       0x60 c:/winavr-20100110/bin/../lib/gcc/avr/4.3.3/avr5\libgcc.a(_ge_sf.o)
                0x000007ea                __gesf2
 .text          0x0000084a       0x60 c:/winavr-20100110/bin/../lib/gcc/avr/4.3.3/avr5\libgcc.a(_lt_sf.o)
                0x0000084a                __ltsf2
 .text          0x000008aa       0xa8 c:/winavr-20100110/bin/../lib/gcc/avr/4.3.3/avr5\libgcc.a(_sf_to_si.o)
                0x000008aa                __fixsfsi
 .text          0x00000952        0x0 c:/winavr-20100110/bin/../lib/gcc/avr/4.3.3/avr5\libgcc.a(_thenan_sf.o)
 .text          0x00000952        0x0 c:/winavr-20100110/bin/../lib/gcc/avr/4.3.3/avr5\libgcc.a(_prologue.o)
 .text          0x00000952        0x0 c:/winavr-20100110/bin/../lib/gcc/avr/4.3.3/avr5\libgcc.a(_epilogue.o)
 .text          0x00000952      0x1aa c:/winavr-20100110/bin/../lib/gcc/avr/4.3.3/avr5\libgcc.a(_pack_sf.o)
                0x00000952                __pack_f
 .text          0x00000afc       0xf0 c:/winavr-20100110/bin/../lib/gcc/avr/4.3.3/avr5\libgcc.a(_unpack_sf.o)
                0x00000afc                __unpack_f
 .text          0x00000bec       0xb2 c:/winavr-20100110/bin/../lib/gcc/avr/4.3.3/avr5\libgcc.a(_fpcmp_parts_sf.o)
                0x00000bec                __fpcmp_parts_f
 .text          0x00000c9e        0x0 c:/winavr-20100110/bin/../lib/gcc/avr/4.3.3/../../../../avr/lib/avr5\libc.a(memset.o)
 .text          0x00000c9e        0x0 c:/winavr-20100110/bin/../lib/gcc/avr/4.3.3/../../../../avr/lib/avr5\libc.a(sprintf.o)
 .text          0x00000c9e        0x0 c:/winavr-20100110/bin/../lib/gcc/avr/4.3.3/../../../../avr/lib/avr5\libc.a(vfprintf_std.o)
 .text          0x00000c9e        0x0 c:/winavr-20100110/bin/../lib/gcc/avr/4.3.3/../../../../avr/lib/avr5\libc.a(strnlen_P.o)
 .text          0x00000c9e        0x0 c:/winavr-20100110/bin/../lib/gcc/avr/4.3.3/../../../../avr/lib/avr5\libc.a(strnlen.o)
 .text          0x00000c9e        0x0 c:/winavr-20100110/bin/../lib/gcc/avr/4.3.3/../../../../avr/lib/avr5\libc.a(fputc.o)
 .text          0x00000c9e        0x0 c:/winavr-20100110/bin/../lib/gcc/avr/4.3.3/../../../../avr/lib/avr5\libc.a(ultoa_invert.o)
                0x00000c9e                . = ALIGN (0x2)
 *(.text.*)
 .text.EXT_INTX_INITIALIZE
                0x00000c9e       0x6a ./MCAL/Interrupt/HAL_EXT_INTERRUPT.o
                0x00000c9e                EXT_INTX_INITIALIZE
 .text.EXT_INTX_DE_INITIALIZE
                0x00000d08       0x42 ./MCAL/Interrupt/HAL_EXT_INTERRUPT.o
                0x00000d08                EXT_INTX_DE_INITIALIZE
 .text.ISR_INT0_TEMP
                0x00000d4a       0x32 ./MCAL/Interrupt/HAL_EXT_INTERRUPT.o
                0x00000d4a                ISR_INT0_TEMP
 .text.ISR_INT1_TEMP
                0x00000d7c       0x32 ./MCAL/Interrupt/HAL_EXT_INTERRUPT.o
                0x00000d7c                ISR_INT1_TEMP
 .text.ISR_INT2_TEMP
                0x00000dae       0x32 ./MCAL/Interrupt/HAL_EXT_INTERRUPT.o
                0x00000dae                ISR_INT2_TEMP
 .text.EXT_INTX_DISABLE
                0x00000de0       0x90 ./MCAL/Interrupt/HAL_EXT_INTERRUPT.o
 .text.EXT_INTX_ENABLE
                0x00000e70       0xba ./MCAL/Interrupt/HAL_EXT_INTERRUPT.o
 .text.EXT_INTX_CLEAR_FLAG
                0x00000f2a       0x90 ./MCAL/Interrupt/HAL_EXT_INTERRUPT.o
 .text.EXT_INTX_SET_EDGE
                0x00000fba      0x1e6 ./MCAL/Interrupt/HAL_EXT_INTERRUPT.o
 .text.EXT_INTX_SET_HANDLER
                0x000011a0       0x7e ./MCAL/Interrupt/HAL_EXT_INTERRUPT.o
 .text.EXT_INTX_PIN_INITIALIZE
                0x0000121e       0x3a ./MCAL/Interrupt/HAL_EXT_INTERRUPT.o
 .text.EXT_INT0_SET_ISR
                0x00001258       0x3e ./MCAL/Interrupt/HAL_EXT_INTERRUPT.o
 .text.EXT_INT1_SET_ISR
                0x00001296       0x3e ./MCAL/Interrupt/HAL_EXT_INTERRUPT.o
 .text.EXT_INT2_SET_ISR
                0x000012d4       0x3e ./MCAL/Interrupt/HAL_EXT_INTERRUPT.o
 .text.__vector_1
                0x00001312       0x88 ./MCAL/Interrupt/HAL_INTERRUPT_MNG.o
                0x00001312                __vector_1
 .text.__vector_2
                0x0000139a       0x74 ./MCAL/Interrupt/HAL_INTERRUPT_MNG.o
                0x0000139a                __vector_2
 .text.__vector_3
                0x0000140e       0x84 ./MCAL/Interrupt/HAL_INTERRUPT_MNG.o
                0x0000140e                __vector_3
 .text.GPIO_PIN_DIRECTION_INITIALIZE
                0x00001492      0x140 ./MCAL/GPIO/HAL_GPIO.o
                0x00001492                GPIO_PIN_DIRECTION_INITIALIZE
 .text.GPIO_PIN_GET_DIRECTION
                0x000015d2       0xa2 ./MCAL/GPIO/HAL_GPIO.o
                0x000015d2                GPIO_PIN_GET_DIRECTION
 .text.GPIO_PIN_WRITE_LOGIC
                0x00001674      0x136 ./MCAL/GPIO/HAL_GPIO.o
                0x00001674                GPIO_PIN_WRITE_LOGIC
 .text.GPIO_PIN_READ_LOGIC
                0x000017aa       0xa2 ./MCAL/GPIO/HAL_GPIO.o
                0x000017aa                GPIO_PIN_READ_LOGIC
 .text.GPIO_PIN_TOGGLE_LOGIC
                0x0000184c       0xa6 ./MCAL/GPIO/HAL_GPIO.o
                0x0000184c                GPIO_PIN_TOGGLE_LOGIC
 .text.GPIO_PIN_INITIALIZE
                0x000018f2       0x6a ./MCAL/GPIO/HAL_GPIO.o
                0x000018f2                GPIO_PIN_INITIALIZE
 .text.GPIO_PORT_DIRECTION_INITIALIZE
                0x0000195c       0x46 ./MCAL/GPIO/HAL_GPIO.o
                0x0000195c                GPIO_PORT_DIRECTION_INITIALIZE
 .text.GPIO_PORT_GET_DIRECTION
                0x000019a2       0x56 ./MCAL/GPIO/HAL_GPIO.o
                0x000019a2                GPIO_PORT_GET_DIRECTION
 .text.GPIO_PORT_WRITE_LOGIC
                0x000019f8       0x46 ./MCAL/GPIO/HAL_GPIO.o
                0x000019f8                GPIO_PORT_WRITE_LOGIC
 .text.GPIO_PORT_READ_LOGIC
                0x00001a3e       0x56 ./MCAL/GPIO/HAL_GPIO.o
                0x00001a3e                GPIO_PORT_READ_LOGIC
 .text.GPIO_PORT_TOGGLE_LOGIC
                0x00001a94       0x56 ./MCAL/GPIO/HAL_GPIO.o
                0x00001a94                GPIO_PORT_TOGGLE_LOGIC
 .text.DATA_EEPROM_WRITE_1BYTE
                0x00001aea       0xe6 ./MCAL/EEPROM/HAL_EEPROM.o
                0x00001aea                DATA_EEPROM_WRITE_1BYTE
 .text.DATA_EEPROM_READ_1BYTE
                0x00001bd0       0x8c ./MCAL/EEPROM/HAL_EEPROM.o
                0x00001bd0                DATA_EEPROM_READ_1BYTE
 .text.RELAY_INITIALIZE
                0x00001c5c       0x38 ./ECUAL/Relay/ECU_RELAY.o
                0x00001c5c                RELAY_INITIALIZE
 .text.RELAY_TURN_ON
                0x00001c94       0x40 ./ECUAL/Relay/ECU_RELAY.o
                0x00001c94                RELAY_TURN_ON
 .text.RELAY_TURN_OFF
                0x00001cd4       0x3e ./ECUAL/Relay/ECU_RELAY.o
                0x00001cd4                RELAY_TURN_OFF
 .text.RELAY_TOGGLE
                0x00001d12       0x38 ./ECUAL/Relay/ECU_RELAY.o
                0x00001d12                RELAY_TOGGLE
 .text.RELAY_GET_STATUS
                0x00001d4a       0x50 ./ECUAL/Relay/ECU_RELAY.o
                0x00001d4a                RELAY_GET_STATUS
 .text.LED_INITIALIZE
                0x00001d9a       0x38 ./ECUAL/LED/ECU_LED.o
                0x00001d9a                LED_INITIALIZE
 .text.LED_TURN_ON
                0x00001dd2       0x3a ./ECUAL/LED/ECU_LED.o
                0x00001dd2                LED_TURN_ON
 .text.LED_TURN_OFF
                0x00001e0c       0x3a ./ECUAL/LED/ECU_LED.o
                0x00001e0c                LED_TURN_OFF
 .text.LED_TOGGLE
                0x00001e46       0x38 ./ECUAL/LED/ECU_LED.o
                0x00001e46                LED_TOGGLE
 .text.LED_GET_LOGIC
                0x00001e7e       0x50 ./ECUAL/LED/ECU_LED.o
                0x00001e7e                LED_GET_LOGIC
 .text.KEYPAD_INITIALIZE
                0x00001ece       0x82 ./ECUAL/Keypad/ECU_KEYPAD.o
                0x00001ece                KEYPAD_INITIALIZE
 .text.KEYPAD_GET_DATA
                0x00001f50      0x13e ./ECUAL/Keypad/ECU_KEYPAD.o
                0x00001f50                KEYPAD_GET_DATA
 .text.DC_MOTOR_INITIALIZE
                0x0000208e       0x44 ./ECUAL/DC_MOTOR/ECU_DC_MOTOR.o
                0x0000208e                DC_MOTOR_INITIALIZE
 .text.DC_MOTOR_ROTATE_CW
                0x000020d2       0x54 ./ECUAL/DC_MOTOR/ECU_DC_MOTOR.o
                0x000020d2                DC_MOTOR_ROTATE_CW
 .text.DC_MOTOR_ROTATE_CCW
                0x00002126       0x54 ./ECUAL/DC_MOTOR/ECU_DC_MOTOR.o
                0x00002126                DC_MOTOR_ROTATE_CCW
 .text.DC_MOTOR_STOP
                0x0000217a       0x52 ./ECUAL/DC_MOTOR/ECU_DC_MOTOR.o
                0x0000217a                DC_MOTOR_STOP
 .text.DC_MOTOR_GET_ROTATION_DIRECTION
                0x000021cc       0xa4 ./ECUAL/DC_MOTOR/ECU_DC_MOTOR.o
                0x000021cc                DC_MOTOR_GET_ROTATION_DIRECTION
 .text.CHR_LCD_4BIT_INITIALIZE
                0x00002270      0x434 ./ECUAL/CHAR LCD/CHR_LCD.o
                0x00002270                CHR_LCD_4BIT_INITIALIZE
 .text.CHR_LCD_4BIT_SEND_COMMAND
                0x000026a4       0x72 ./ECUAL/CHAR LCD/CHR_LCD.o
                0x000026a4                CHR_LCD_4BIT_SEND_COMMAND
 .text.CHR_LCD_4BIT_SEND_CHAR_DATA
                0x00002716       0x72 ./ECUAL/CHAR LCD/CHR_LCD.o
                0x00002716                CHR_LCD_4BIT_SEND_CHAR_DATA
 .text.CHR_LCD_4BIT_SEND_CHAR_POS
                0x00002788       0x56 ./ECUAL/CHAR LCD/CHR_LCD.o
                0x00002788                CHR_LCD_4BIT_SEND_CHAR_POS
 .text.CHR_LCD_4BIT_SEND_STRING
                0x000027de       0x66 ./ECUAL/CHAR LCD/CHR_LCD.o
                0x000027de                CHR_LCD_4BIT_SEND_STRING
 .text.CHR_LCD_4BIT_SEND_STRING_POS
                0x00002844       0x7e ./ECUAL/CHAR LCD/CHR_LCD.o
                0x00002844                CHR_LCD_4BIT_SEND_STRING_POS
 .text.CHR_LCD_4BIT_SEND_CUSTOM_CHAR
                0x000028c2       0xb2 ./ECUAL/CHAR LCD/CHR_LCD.o
                0x000028c2                CHR_LCD_4BIT_SEND_CUSTOM_CHAR
 .text.CHR_LCD_8BIT_INITIALIZE
                0x00002974      0x440 ./ECUAL/CHAR LCD/CHR_LCD.o
                0x00002974                CHR_LCD_8BIT_INITIALIZE
 .text.CHR_LCD_8BIT_SEND_COMMAND
                0x00002db4       0x9c ./ECUAL/CHAR LCD/CHR_LCD.o
                0x00002db4                CHR_LCD_8BIT_SEND_COMMAND
 .text.CHR_LCD_8BIT_SEND_CHAR_DATA
                0x00002e50       0x9c ./ECUAL/CHAR LCD/CHR_LCD.o
                0x00002e50                CHR_LCD_8BIT_SEND_CHAR_DATA
 .text.CHR_LCD_8BIT_SEND_CHAR_POS
                0x00002eec       0x56 ./ECUAL/CHAR LCD/CHR_LCD.o
                0x00002eec                CHR_LCD_8BIT_SEND_CHAR_POS
 .text.CHR_LCD_8BIT_SEND_STRING
                0x00002f42       0x64 ./ECUAL/CHAR LCD/CHR_LCD.o
                0x00002f42                CHR_LCD_8BIT_SEND_STRING
 .text.CHR_LCD_8BIT_SEND_STRING_POS
                0x00002fa6       0x7c ./ECUAL/CHAR LCD/CHR_LCD.o
                0x00002fa6                CHR_LCD_8BIT_SEND_STRING_POS
 .text.CHR_LCD_8BIT_SEND_CUSTOM_CHAR
                0x00003022       0xb2 ./ECUAL/CHAR LCD/CHR_LCD.o
                0x00003022                CHR_LCD_8BIT_SEND_CUSTOM_CHAR
 .text.CONVERT_CHAR_TO_STRING
                0x000030d4       0x7c ./ECUAL/CHAR LCD/CHR_LCD.o
                0x000030d4                CONVERT_CHAR_TO_STRING
 .text.CONVERT_SHORT_TO_STRING
                0x00003150       0x7c ./ECUAL/CHAR LCD/CHR_LCD.o
                0x00003150                CONVERT_SHORT_TO_STRING
 .text.CONVERT_INT_TO_STRING
                0x000031cc       0x7c ./ECUAL/CHAR LCD/CHR_LCD.o
                0x000031cc                CONVERT_INT_TO_STRING
 .text.CHR_LCD_4BIT_SEND_4BIT
                0x00003248       0x86 ./ECUAL/CHAR LCD/CHR_LCD.o
 .text.CHR_LCD_4BIT_SEND_ENABLE_SIGNAL
                0x000032ce      0x1d4 ./ECUAL/CHAR LCD/CHR_LCD.o
 .text.CHR_LCD_4BIT_SET_CURSOR
                0x000034a2       0xe4 ./ECUAL/CHAR LCD/CHR_LCD.o
 .text.CHR_LCD_8BIT_SEND_ENABLE_SIGNAL
                0x00003586      0x1d4 ./ECUAL/CHAR LCD/CHR_LCD.o
 .text.CHR_LCD_8BIT_SET_CURSOR
                0x0000375a       0xe4 ./ECUAL/CHAR LCD/CHR_LCD.o
 .text.BTN_INITIALIZE
                0x0000383e       0x38 ./ECUAL/BTN/ECU_BTN.o
                0x0000383e                BTN_INITIALIZE
 .text.BTN_GET_STATUS
                0x00003876       0x9c ./ECUAL/BTN/ECU_BTN.o
                0x00003876                BTN_GET_STATUS
 .text.SEGMENT_INITIALIZE
                0x00003912       0x60 ./ECUAL/7 Segment/ECU_7_Segment.o
                0x00003912                SEGMENT_INITIALIZE
 .text.SEGMENT_WRITE_VALUE
                0x00003972       0x86 ./ECUAL/7 Segment/ECU_7_Segment.o
                0x00003972                SEGMENT_WRITE_VALUE
 .text.ECU_INITIALIZE
                0x000039f8       0x28 ./ECUAL/ECU_INIT.o
                0x000039f8                ECU_INITIALIZE
 .text.main     0x00003a20       0x66 ./APP.o
                0x00003a20                main
 .text.Application_intialize
                0x00003a86       0x12 ./APP.o
                0x00003a86                Application_intialize
 .text.int0t_isr
                0x00003a98        0xe ./APP.o
                0x00003a98                int0t_isr
 .text.program1
                0x00003aa6      0x212 ./APP.o
                0x00003aa6                program1
 .text.program2
                0x00003cb8      0x212 ./APP.o
                0x00003cb8                program2
 .text.libgcc   0x00003eca        0x0 c:/winavr-20100110/bin/../lib/gcc/avr/4.3.3/avr5\libgcc.a(_exit.o)
 .text.libgcc   0x00003eca        0x0 c:/winavr-20100110/bin/../lib/gcc/avr/4.3.3/avr5\libgcc.a(_copy_data.o)
 .text.libgcc   0x00003eca        0x0 c:/winavr-20100110/bin/../lib/gcc/avr/4.3.3/avr5\libgcc.a(_clear_bss.o)
 .text.libgcc   0x00003eca       0x38 c:/winavr-20100110/bin/../lib/gcc/avr/4.3.3/avr5\libgcc.a(_prologue.o)
                0x00003eca                __prologue_saves__
 .text.libgcc   0x00003f02       0x36 c:/winavr-20100110/bin/../lib/gcc/avr/4.3.3/avr5\libgcc.a(_epilogue.o)
                0x00003f02                __epilogue_restores__
 .text.avr-libc
                0x00003f38        0xe c:/winavr-20100110/bin/../lib/gcc/avr/4.3.3/../../../../avr/lib/avr5\libc.a(memset.o)
                0x00003f38                memset
 .text.avr-libc
                0x00003f46       0x48 c:/winavr-20100110/bin/../lib/gcc/avr/4.3.3/../../../../avr/lib/avr5\libc.a(sprintf.o)
                0x00003f46                sprintf
 .text.avr-libc
                0x00003f8e      0x3ba c:/winavr-20100110/bin/../lib/gcc/avr/4.3.3/../../../../avr/lib/avr5\libc.a(vfprintf_std.o)
                0x00003f8e                vfprintf
 .text.avr-libc
                0x00004348       0x16 c:/winavr-20100110/bin/../lib/gcc/avr/4.3.3/../../../../avr/lib/avr5\libc.a(strnlen_P.o)
                0x00004348                strnlen_P
 .text.avr-libc
                0x0000435e       0x16 c:/winavr-20100110/bin/../lib/gcc/avr/4.3.3/../../../../avr/lib/avr5\libc.a(strnlen.o)
                0x0000435e                strnlen
 .text.avr-libc
                0x00004374       0x58 c:/winavr-20100110/bin/../lib/gcc/avr/4.3.3/../../../../avr/lib/avr5\libc.a(fputc.o)
                0x00004374                fputc
 .text.avr-libc
                0x000043cc       0xbc c:/winavr-20100110/bin/../lib/gcc/avr/4.3.3/../../../../avr/lib/avr5\libc.a(ultoa_invert.o)
                0x000043cc                __ultoa_invert
                0x00004488                . = ALIGN (0x2)
 *(.fini9)
 .fini9         0x00004488        0x0 c:/winavr-20100110/bin/../lib/gcc/avr/4.3.3/avr5\libgcc.a(_exit.o)
                0x00004488                exit
                0x00004488                _exit
 *(.fini9)
 *(.fini8)
 *(.fini8)
 *(.fini7)
 *(.fini7)
 *(.fini6)
 *(.fini6)
 *(.fini5)
 *(.fini5)
 *(.fini4)
 *(.fini4)
 *(.fini3)
 *(.fini3)
 *(.fini2)
 *(.fini2)
 *(.fini1)
 *(.fini1)
 *(.fini0)
 .fini0         0x00004488        0x4 c:/winavr-20100110/bin/../lib/gcc/avr/4.3.3/avr5\libgcc.a(_exit.o)
 *(.fini0)
                0x0000448c                _etext = .

.data           0x00800060       0x4e load address 0x0000448c
                0x00800060                PROVIDE (__data_start, .)
 *(.data)
 .data          0x00800060        0x0 c:/winavr-20100110/bin/../lib/gcc/avr/4.3.3/../../../../avr/lib/avr5/crtm32.o
 .data          0x00800060        0x0 ./MCAL/Interrupt/HAL_EXT_INTERRUPT.o
 .data          0x00800060        0x0 ./MCAL/Interrupt/HAL_INTERRUPT_MNG.o
 .data          0x00800060        0x0 ./MCAL/Interrupt/HAL_INT_INTERRUPT.o
 .data          0x00800060        0x0 ./MCAL/GPIO/HAL_GPIO.o
 .data          0x00800060        0x0 ./MCAL/EEPROM/HAL_EEPROM.o
 .data          0x00800060        0x0 ./MCAL/Device_CFG.o
 .data          0x00800060        0x0 ./ECUAL/Relay/ECU_RELAY.o
 .data          0x00800060        0x0 ./ECUAL/LED/ECU_LED.o
 .data          0x00800060        0x0 ./ECUAL/Keypad/ECU_KEYPAD.o
 .data          0x00800060        0x0 ./ECUAL/DC_MOTOR/ECU_DC_MOTOR.o
 .data          0x00800060        0x3 ./ECUAL/CHAR LCD/CHR_LCD.o
 .data          0x00800063        0x0 ./ECUAL/BTN/ECU_BTN.o
 .data          0x00800063        0x0 ./ECUAL/7 Segment/ECU_7_Segment.o
 .data          0x00800063        0x0 ./ECUAL/ECU_INIT.o
 .data          0x00800063        0x0 ./APP.o
 .data          0x00800063        0x0 c:/winavr-20100110/bin/../lib/gcc/avr/4.3.3/avr5\libgcc.a(_exit.o)
 .data          0x00800063        0x0 c:/winavr-20100110/bin/../lib/gcc/avr/4.3.3/avr5\libgcc.a(_copy_data.o)
 .data          0x00800063        0x0 c:/winavr-20100110/bin/../lib/gcc/avr/4.3.3/avr5\libgcc.a(_clear_bss.o)
 .data          0x00800063        0x0 c:/winavr-20100110/bin/../lib/gcc/avr/4.3.3/avr5\libgcc.a(_fixunssfsi.o)
 .data          0x00800063        0x0 c:/winavr-20100110/bin/../lib/gcc/avr/4.3.3/avr5\libgcc.a(_addsub_sf.o)
 .data          0x00800063        0x0 c:/winavr-20100110/bin/../lib/gcc/avr/4.3.3/avr5\libgcc.a(_mul_sf.o)
 .data          0x00800063        0x0 c:/winavr-20100110/bin/../lib/gcc/avr/4.3.3/avr5\libgcc.a(_div_sf.o)
 .data          0x00800063        0x0 c:/winavr-20100110/bin/../lib/gcc/avr/4.3.3/avr5\libgcc.a(_gt_sf.o)
 .data          0x00800063        0x0 c:/winavr-20100110/bin/../lib/gcc/avr/4.3.3/avr5\libgcc.a(_ge_sf.o)
 .data          0x00800063        0x0 c:/winavr-20100110/bin/../lib/gcc/avr/4.3.3/avr5\libgcc.a(_lt_sf.o)
 .data          0x00800063        0x0 c:/winavr-20100110/bin/../lib/gcc/avr/4.3.3/avr5\libgcc.a(_sf_to_si.o)
 .data          0x00800063        0x8 c:/winavr-20100110/bin/../lib/gcc/avr/4.3.3/avr5\libgcc.a(_thenan_sf.o)
                0x00800063                __thenan_sf
 .data          0x0080006b        0x0 c:/winavr-20100110/bin/../lib/gcc/avr/4.3.3/avr5\libgcc.a(_prologue.o)
 .data          0x0080006b        0x0 c:/winavr-20100110/bin/../lib/gcc/avr/4.3.3/avr5\libgcc.a(_epilogue.o)
 .data          0x0080006b        0x0 c:/winavr-20100110/bin/../lib/gcc/avr/4.3.3/avr5\libgcc.a(_pack_sf.o)
 .data          0x0080006b        0x0 c:/winavr-20100110/bin/../lib/gcc/avr/4.3.3/avr5\libgcc.a(_unpack_sf.o)
 .data          0x0080006b        0x0 c:/winavr-20100110/bin/../lib/gcc/avr/4.3.3/avr5\libgcc.a(_fpcmp_parts_sf.o)
 .data          0x0080006b        0x0 c:/winavr-20100110/bin/../lib/gcc/avr/4.3.3/../../../../avr/lib/avr5\libc.a(memset.o)
 .data          0x0080006b        0x0 c:/winavr-20100110/bin/../lib/gcc/avr/4.3.3/../../../../avr/lib/avr5\libc.a(sprintf.o)
 .data          0x0080006b        0x0 c:/winavr-20100110/bin/../lib/gcc/avr/4.3.3/../../../../avr/lib/avr5\libc.a(vfprintf_std.o)
 .data          0x0080006b        0x0 c:/winavr-20100110/bin/../lib/gcc/avr/4.3.3/../../../../avr/lib/avr5\libc.a(strnlen_P.o)
 .data          0x0080006b        0x0 c:/winavr-20100110/bin/../lib/gcc/avr/4.3.3/../../../../avr/lib/avr5\libc.a(strnlen.o)
 .data          0x0080006b        0x0 c:/winavr-20100110/bin/../lib/gcc/avr/4.3.3/../../../../avr/lib/avr5\libc.a(fputc.o)
 .data          0x0080006b        0x0 c:/winavr-20100110/bin/../lib/gcc/avr/4.3.3/../../../../avr/lib/avr5\libc.a(ultoa_invert.o)
 *(.data*)
 .data.DDR_REG  0x0080006b        0x8 ./MCAL/GPIO/HAL_GPIO.o
                0x0080006b                DDR_REG
 .data.PIN_REG  0x00800073        0x8 ./MCAL/GPIO/HAL_GPIO.o
                0x00800073                PIN_REG
 .data.PORT_REG
                0x0080007b        0x8 ./MCAL/GPIO/HAL_GPIO.o
                0x0080007b                PORT_REG
 .data.keypad_semi_calc
                0x00800083       0x10 ./ECUAL/Keypad/ECU_KEYPAD.o
                0x00800083                keypad_semi_calc
 .data.lcd1     0x00800093        0x6 ./ECUAL/ECU_INIT.o
                0x00800093                lcd1
 .data.lcd2     0x00800099        0xa ./ECUAL/ECU_INIT.o
                0x00800099                lcd2
 .data.int0     0x008000a3        0x5 ./APP.o
                0x008000a3                int0
 .data.led1     0x008000a8        0x1 ./APP.o
                0x008000a8                led1
 .data.led2     0x008000a9        0x1 ./APP.o
                0x008000a9                led2
 .data.counter  0x008000aa        0x1 ./APP.o
                0x008000aa                counter
 .data.add      0x008000ab        0x2 ./APP.o
                0x008000ab                add
 *(.rodata)
 *(.rodata*)
 *(.gnu.linkonce.d*)
                0x008000ae                . = ALIGN (0x2)
 *fill*         0x008000ad        0x1 00
                0x008000ae                _edata = .
                0x008000ae                PROVIDE (__data_end, .)

.bss            0x008000ae        0x8
                0x008000ae                PROVIDE (__bss_start, .)
 *(.bss)
 .bss           0x008000ae        0x0 c:/winavr-20100110/bin/../lib/gcc/avr/4.3.3/../../../../avr/lib/avr5/crtm32.o
 .bss           0x008000ae        0x0 ./MCAL/Interrupt/HAL_EXT_INTERRUPT.o
 .bss           0x008000ae        0x0 ./MCAL/Interrupt/HAL_INTERRUPT_MNG.o
 .bss           0x008000ae        0x0 ./MCAL/Interrupt/HAL_INT_INTERRUPT.o
 .bss           0x008000ae        0x0 ./MCAL/GPIO/HAL_GPIO.o
 .bss           0x008000ae        0x0 ./MCAL/EEPROM/HAL_EEPROM.o
 .bss           0x008000ae        0x0 ./MCAL/Device_CFG.o
 .bss           0x008000ae        0x0 ./ECUAL/Relay/ECU_RELAY.o
 .bss           0x008000ae        0x0 ./ECUAL/LED/ECU_LED.o
 .bss           0x008000ae        0x0 ./ECUAL/Keypad/ECU_KEYPAD.o
 .bss           0x008000ae        0x0 ./ECUAL/DC_MOTOR/ECU_DC_MOTOR.o
 .bss           0x008000ae        0x0 ./ECUAL/CHAR LCD/CHR_LCD.o
 .bss           0x008000ae        0x0 ./ECUAL/BTN/ECU_BTN.o
 .bss           0x008000ae        0x0 ./ECUAL/7 Segment/ECU_7_Segment.o
 .bss           0x008000ae        0x0 ./ECUAL/ECU_INIT.o
 .bss           0x008000ae        0x0 ./APP.o
 .bss           0x008000ae        0x0 c:/winavr-20100110/bin/../lib/gcc/avr/4.3.3/avr5\libgcc.a(_exit.o)
 .bss           0x008000ae        0x0 c:/winavr-20100110/bin/../lib/gcc/avr/4.3.3/avr5\libgcc.a(_copy_data.o)
 .bss           0x008000ae        0x0 c:/winavr-20100110/bin/../lib/gcc/avr/4.3.3/avr5\libgcc.a(_clear_bss.o)
 .bss           0x008000ae        0x0 c:/winavr-20100110/bin/../lib/gcc/avr/4.3.3/avr5\libgcc.a(_fixunssfsi.o)
 .bss           0x008000ae        0x0 c:/winavr-20100110/bin/../lib/gcc/avr/4.3.3/avr5\libgcc.a(_addsub_sf.o)
 .bss           0x008000ae        0x0 c:/winavr-20100110/bin/../lib/gcc/avr/4.3.3/avr5\libgcc.a(_mul_sf.o)
 .bss           0x008000ae        0x0 c:/winavr-20100110/bin/../lib/gcc/avr/4.3.3/avr5\libgcc.a(_div_sf.o)
 .bss           0x008000ae        0x0 c:/winavr-20100110/bin/../lib/gcc/avr/4.3.3/avr5\libgcc.a(_gt_sf.o)
 .bss           0x008000ae        0x0 c:/winavr-20100110/bin/../lib/gcc/avr/4.3.3/avr5\libgcc.a(_ge_sf.o)
 .bss           0x008000ae        0x0 c:/winavr-20100110/bin/../lib/gcc/avr/4.3.3/avr5\libgcc.a(_lt_sf.o)
 .bss           0x008000ae        0x0 c:/winavr-20100110/bin/../lib/gcc/avr/4.3.3/avr5\libgcc.a(_sf_to_si.o)
 .bss           0x008000ae        0x0 c:/winavr-20100110/bin/../lib/gcc/avr/4.3.3/avr5\libgcc.a(_thenan_sf.o)
 .bss           0x008000ae        0x0 c:/winavr-20100110/bin/../lib/gcc/avr/4.3.3/avr5\libgcc.a(_prologue.o)
 .bss           0x008000ae        0x0 c:/winavr-20100110/bin/../lib/gcc/avr/4.3.3/avr5\libgcc.a(_epilogue.o)
 .bss           0x008000ae        0x0 c:/winavr-20100110/bin/../lib/gcc/avr/4.3.3/avr5\libgcc.a(_pack_sf.o)
 .bss           0x008000ae        0x0 c:/winavr-20100110/bin/../lib/gcc/avr/4.3.3/avr5\libgcc.a(_unpack_sf.o)
 .bss           0x008000ae        0x0 c:/winavr-20100110/bin/../lib/gcc/avr/4.3.3/avr5\libgcc.a(_fpcmp_parts_sf.o)
 .bss           0x008000ae        0x0 c:/winavr-20100110/bin/../lib/gcc/avr/4.3.3/../../../../avr/lib/avr5\libc.a(memset.o)
 .bss           0x008000ae        0x0 c:/winavr-20100110/bin/../lib/gcc/avr/4.3.3/../../../../avr/lib/avr5\libc.a(sprintf.o)
 .bss           0x008000ae        0x0 c:/winavr-20100110/bin/../lib/gcc/avr/4.3.3/../../../../avr/lib/avr5\libc.a(vfprintf_std.o)
 .bss           0x008000ae        0x0 c:/winavr-20100110/bin/../lib/gcc/avr/4.3.3/../../../../avr/lib/avr5\libc.a(strnlen_P.o)
 .bss           0x008000ae        0x0 c:/winavr-20100110/bin/../lib/gcc/avr/4.3.3/../../../../avr/lib/avr5\libc.a(strnlen.o)
 .bss           0x008000ae        0x0 c:/winavr-20100110/bin/../lib/gcc/avr/4.3.3/../../../../avr/lib/avr5\libc.a(fputc.o)
 .bss           0x008000ae        0x0 c:/winavr-20100110/bin/../lib/gcc/avr/4.3.3/../../../../avr/lib/avr5\libc.a(ultoa_invert.o)
 *(.bss*)
 .bss.Ret       0x008000ae        0x1 ./APP.o
                0x008000ae                Ret
 .bss.data      0x008000af        0x1 ./APP.o
                0x008000af                data
 *(COMMON)
 COMMON         0x008000b0        0x6 ./MCAL/Interrupt/HAL_EXT_INTERRUPT.o
                0x008000b0                int2_isr_func
                0x008000b2                int1_isr_func
                0x008000b4                int0_isr_func
                0x008000b6                PROVIDE (__bss_end, .)
                0x0000448c                __data_load_start = LOADADDR (.data)
                0x000044da                __data_load_end = (__data_load_start + SIZEOF (.data))

.noinit         0x008000b6        0x0
                0x008000b6                PROVIDE (__noinit_start, .)
 *(.noinit*)
                0x008000b6                PROVIDE (__noinit_end, .)
                0x008000b6                _end = .
                0x008000b6                PROVIDE (__heap_start, .)

.eeprom         0x00810000        0x0
 *(.eeprom*)
                0x00810000                __eeprom_end = .

.fuse
 *(.fuse)
 *(.lfuse)
 *(.hfuse)
 *(.efuse)

.lock
 *(.lock*)

.signature
 *(.signature*)

.stab           0x00000000     0x6984
 *(.stab)
 .stab          0x00000000      0xf18 ./MCAL/Interrupt/HAL_EXT_INTERRUPT.o
 .stab          0x00000f18      0x24c ./MCAL/Interrupt/HAL_INTERRUPT_MNG.o
                                0x5ac (size before relaxing)
 .stab          0x00001164       0xd8 ./MCAL/Interrupt/HAL_INT_INTERRUPT.o
                                 0xe4 (size before relaxing)
 .stab          0x0000123c      0x978 ./MCAL/GPIO/HAL_GPIO.o
                                0xbc4 (size before relaxing)
 .stab          0x00001bb4      0x4b0 ./MCAL/EEPROM/HAL_EEPROM.o
                                0x6fc (size before relaxing)
 .stab          0x00002064       0xd8 ./MCAL/Device_CFG.o
                                 0xe4 (size before relaxing)
 .stab          0x0000213c      0x5f4 ./ECUAL/Relay/ECU_RELAY.o
                                0x840 (size before relaxing)
 .stab          0x00002730      0x594 ./ECUAL/LED/ECU_LED.o
                                0x7e0 (size before relaxing)
 .stab          0x00002cc4      0x5b8 ./ECUAL/Keypad/ECU_KEYPAD.o
                                0x804 (size before relaxing)
 .stab          0x0000327c      0x744 ./ECUAL/DC_MOTOR/ECU_DC_MOTOR.o
                                0x990 (size before relaxing)
 .stab          0x000039c0     0x1cb0 ./ECUAL/CHAR LCD/CHR_LCD.o
                               0x1efc (size before relaxing)
 .stab          0x00005670      0x498 ./ECUAL/BTN/ECU_BTN.o
                                0x6e4 (size before relaxing)
 .stab          0x00005b08      0x45c ./ECUAL/7 Segment/ECU_7_Segment.o
                                0x6a8 (size before relaxing)
 .stab          0x00005f64      0x390 ./ECUAL/ECU_INIT.o
                                0x7a4 (size before relaxing)
 .stab          0x000062f4      0x690 ./APP.o
                                0xbd0 (size before relaxing)

.stabstr        0x00000000     0x3364
 *(.stabstr)
 .stabstr       0x00000000     0x3364 ./MCAL/Interrupt/HAL_EXT_INTERRUPT.o

.stab.excl
 *(.stab.excl)

.stab.exclstr
 *(.stab.exclstr)

.stab.index
 *(.stab.index)

.stab.indexstr
 *(.stab.indexstr)

.comment
 *(.comment)

.debug
 *(.debug)

.line
 *(.line)

.debug_srcinfo
 *(.debug_srcinfo)

.debug_sfnames
 *(.debug_sfnames)

.debug_aranges  0x00000000      0x160
 *(.debug_aranges)
 .debug_aranges
                0x00000000       0x20 c:/winavr-20100110/bin/../lib/gcc/avr/4.3.3/avr5\libgcc.a(_fixunssfsi.o)
 .debug_aranges
                0x00000020       0x20 c:/winavr-20100110/bin/../lib/gcc/avr/4.3.3/avr5\libgcc.a(_addsub_sf.o)
 .debug_aranges
                0x00000040       0x20 c:/winavr-20100110/bin/../lib/gcc/avr/4.3.3/avr5\libgcc.a(_mul_sf.o)
 .debug_aranges
                0x00000060       0x20 c:/winavr-20100110/bin/../lib/gcc/avr/4.3.3/avr5\libgcc.a(_div_sf.o)
 .debug_aranges
                0x00000080       0x20 c:/winavr-20100110/bin/../lib/gcc/avr/4.3.3/avr5\libgcc.a(_gt_sf.o)
 .debug_aranges
                0x000000a0       0x20 c:/winavr-20100110/bin/../lib/gcc/avr/4.3.3/avr5\libgcc.a(_ge_sf.o)
 .debug_aranges
                0x000000c0       0x20 c:/winavr-20100110/bin/../lib/gcc/avr/4.3.3/avr5\libgcc.a(_lt_sf.o)
 .debug_aranges
                0x000000e0       0x20 c:/winavr-20100110/bin/../lib/gcc/avr/4.3.3/avr5\libgcc.a(_sf_to_si.o)
 .debug_aranges
                0x00000100       0x20 c:/winavr-20100110/bin/../lib/gcc/avr/4.3.3/avr5\libgcc.a(_pack_sf.o)
 .debug_aranges
                0x00000120       0x20 c:/winavr-20100110/bin/../lib/gcc/avr/4.3.3/avr5\libgcc.a(_unpack_sf.o)
 .debug_aranges
                0x00000140       0x20 c:/winavr-20100110/bin/../lib/gcc/avr/4.3.3/avr5\libgcc.a(_fpcmp_parts_sf.o)

.debug_pubnames
                0x00000000      0x18f
 *(.debug_pubnames)
 .debug_pubnames
                0x00000000       0x23 c:/winavr-20100110/bin/../lib/gcc/avr/4.3.3/avr5\libgcc.a(_fixunssfsi.o)
 .debug_pubnames
                0x00000023       0x2c c:/winavr-20100110/bin/../lib/gcc/avr/4.3.3/avr5\libgcc.a(_addsub_sf.o)
 .debug_pubnames
                0x0000004f       0x1f c:/winavr-20100110/bin/../lib/gcc/avr/4.3.3/avr5\libgcc.a(_mul_sf.o)
 .debug_pubnames
                0x0000006e       0x1f c:/winavr-20100110/bin/../lib/gcc/avr/4.3.3/avr5\libgcc.a(_div_sf.o)
 .debug_pubnames
                0x0000008d       0x1e c:/winavr-20100110/bin/../lib/gcc/avr/4.3.3/avr5\libgcc.a(_gt_sf.o)
 .debug_pubnames
                0x000000ab       0x1e c:/winavr-20100110/bin/../lib/gcc/avr/4.3.3/avr5\libgcc.a(_ge_sf.o)
 .debug_pubnames
                0x000000c9       0x1e c:/winavr-20100110/bin/../lib/gcc/avr/4.3.3/avr5\libgcc.a(_lt_sf.o)
 .debug_pubnames
                0x000000e7       0x20 c:/winavr-20100110/bin/../lib/gcc/avr/4.3.3/avr5\libgcc.a(_sf_to_si.o)
 .debug_pubnames
                0x00000107       0x22 c:/winavr-20100110/bin/../lib/gcc/avr/4.3.3/avr5\libgcc.a(_thenan_sf.o)
 .debug_pubnames
                0x00000129       0x1f c:/winavr-20100110/bin/../lib/gcc/avr/4.3.3/avr5\libgcc.a(_pack_sf.o)
 .debug_pubnames
                0x00000148       0x21 c:/winavr-20100110/bin/../lib/gcc/avr/4.3.3/avr5\libgcc.a(_unpack_sf.o)
 .debug_pubnames
                0x00000169       0x26 c:/winavr-20100110/bin/../lib/gcc/avr/4.3.3/avr5\libgcc.a(_fpcmp_parts_sf.o)

.debug_info     0x00000000     0x2045
 *(.debug_info)
 .debug_info    0x00000000       0xb1 c:/winavr-20100110/bin/../lib/gcc/avr/4.3.3/avr5\libgcc.a(_fixunssfsi.o)
 .debug_info    0x000000b1      0x47a c:/winavr-20100110/bin/../lib/gcc/avr/4.3.3/avr5\libgcc.a(_addsub_sf.o)
 .debug_info    0x0000052b      0x485 c:/winavr-20100110/bin/../lib/gcc/avr/4.3.3/avr5\libgcc.a(_mul_sf.o)
 .debug_info    0x000009b0      0x3fc c:/winavr-20100110/bin/../lib/gcc/avr/4.3.3/avr5\libgcc.a(_div_sf.o)
 .debug_info    0x00000dac      0x27f c:/winavr-20100110/bin/../lib/gcc/avr/4.3.3/avr5\libgcc.a(_gt_sf.o)
 .debug_info    0x0000102b      0x27f c:/winavr-20100110/bin/../lib/gcc/avr/4.3.3/avr5\libgcc.a(_ge_sf.o)
 .debug_info    0x000012aa      0x27f c:/winavr-20100110/bin/../lib/gcc/avr/4.3.3/avr5\libgcc.a(_lt_sf.o)
 .debug_info    0x00001529      0x2b0 c:/winavr-20100110/bin/../lib/gcc/avr/4.3.3/avr5\libgcc.a(_sf_to_si.o)
 .debug_info    0x000017d9      0x12c c:/winavr-20100110/bin/../lib/gcc/avr/4.3.3/avr5\libgcc.a(_thenan_sf.o)
 .debug_info    0x00001905      0x2df c:/winavr-20100110/bin/../lib/gcc/avr/4.3.3/avr5\libgcc.a(_pack_sf.o)
 .debug_info    0x00001be4      0x251 c:/winavr-20100110/bin/../lib/gcc/avr/4.3.3/avr5\libgcc.a(_unpack_sf.o)
 .debug_info    0x00001e35      0x210 c:/winavr-20100110/bin/../lib/gcc/avr/4.3.3/avr5\libgcc.a(_fpcmp_parts_sf.o)
 *(.gnu.linkonce.wi.*)

.debug_abbrev   0x00000000     0x1101
 *(.debug_abbrev)
 .debug_abbrev  0x00000000       0x5d c:/winavr-20100110/bin/../lib/gcc/avr/4.3.3/avr5\libgcc.a(_fixunssfsi.o)
 .debug_abbrev  0x0000005d      0x1ea c:/winavr-20100110/bin/../lib/gcc/avr/4.3.3/avr5\libgcc.a(_addsub_sf.o)
 .debug_abbrev  0x00000247      0x21b c:/winavr-20100110/bin/../lib/gcc/avr/4.3.3/avr5\libgcc.a(_mul_sf.o)
 .debug_abbrev  0x00000462      0x216 c:/winavr-20100110/bin/../lib/gcc/avr/4.3.3/avr5\libgcc.a(_div_sf.o)
 .debug_abbrev  0x00000678      0x15a c:/winavr-20100110/bin/../lib/gcc/avr/4.3.3/avr5\libgcc.a(_gt_sf.o)
 .debug_abbrev  0x000007d2      0x15a c:/winavr-20100110/bin/../lib/gcc/avr/4.3.3/avr5\libgcc.a(_ge_sf.o)
 .debug_abbrev  0x0000092c      0x15a c:/winavr-20100110/bin/../lib/gcc/avr/4.3.3/avr5\libgcc.a(_lt_sf.o)
 .debug_abbrev  0x00000a86      0x17f c:/winavr-20100110/bin/../lib/gcc/avr/4.3.3/avr5\libgcc.a(_sf_to_si.o)
 .debug_abbrev  0x00000c05       0xad c:/winavr-20100110/bin/../lib/gcc/avr/4.3.3/avr5\libgcc.a(_thenan_sf.o)
 .debug_abbrev  0x00000cb2      0x1c0 c:/winavr-20100110/bin/../lib/gcc/avr/4.3.3/avr5\libgcc.a(_pack_sf.o)
 .debug_abbrev  0x00000e72      0x154 c:/winavr-20100110/bin/../lib/gcc/avr/4.3.3/avr5\libgcc.a(_unpack_sf.o)
 .debug_abbrev  0x00000fc6      0x13b c:/winavr-20100110/bin/../lib/gcc/avr/4.3.3/avr5\libgcc.a(_fpcmp_parts_sf.o)

.debug_line     0x00000000      0xf82
 *(.debug_line)
 .debug_line    0x00000000       0xa7 c:/winavr-20100110/bin/../lib/gcc/avr/4.3.3/avr5\libgcc.a(_fixunssfsi.o)
 .debug_line    0x000000a7      0x2af c:/winavr-20100110/bin/../lib/gcc/avr/4.3.3/avr5\libgcc.a(_addsub_sf.o)
 .debug_line    0x00000356      0x239 c:/winavr-20100110/bin/../lib/gcc/avr/4.3.3/avr5\libgcc.a(_mul_sf.o)
 .debug_line    0x0000058f      0x1d5 c:/winavr-20100110/bin/../lib/gcc/avr/4.3.3/avr5\libgcc.a(_div_sf.o)
 .debug_line    0x00000764       0xd3 c:/winavr-20100110/bin/../lib/gcc/avr/4.3.3/avr5\libgcc.a(_gt_sf.o)
 .debug_line    0x00000837       0xd3 c:/winavr-20100110/bin/../lib/gcc/avr/4.3.3/avr5\libgcc.a(_ge_sf.o)
 .debug_line    0x0000090a       0xd3 c:/winavr-20100110/bin/../lib/gcc/avr/4.3.3/avr5\libgcc.a(_lt_sf.o)
 .debug_line    0x000009dd      0x109 c:/winavr-20100110/bin/../lib/gcc/avr/4.3.3/avr5\libgcc.a(_sf_to_si.o)
 .debug_line    0x00000ae6       0x90 c:/winavr-20100110/bin/../lib/gcc/avr/4.3.3/avr5\libgcc.a(_thenan_sf.o)
 .debug_line    0x00000b76      0x18a c:/winavr-20100110/bin/../lib/gcc/avr/4.3.3/avr5\libgcc.a(_pack_sf.o)
 .debug_line    0x00000d00      0x14b c:/winavr-20100110/bin/../lib/gcc/avr/4.3.3/avr5\libgcc.a(_unpack_sf.o)
 .debug_line    0x00000e4b      0x137 c:/winavr-20100110/bin/../lib/gcc/avr/4.3.3/avr5\libgcc.a(_fpcmp_parts_sf.o)

.debug_frame    0x00000000      0x180
 *(.debug_frame)
 .debug_frame   0x00000000       0x20 c:/winavr-20100110/bin/../lib/gcc/avr/4.3.3/avr5\libgcc.a(_fixunssfsi.o)
 .debug_frame   0x00000020       0x40 c:/winavr-20100110/bin/../lib/gcc/avr/4.3.3/avr5\libgcc.a(_addsub_sf.o)
 .debug_frame   0x00000060       0x20 c:/winavr-20100110/bin/../lib/gcc/avr/4.3.3/avr5\libgcc.a(_mul_sf.o)
 .debug_frame   0x00000080       0x20 c:/winavr-20100110/bin/../lib/gcc/avr/4.3.3/avr5\libgcc.a(_div_sf.o)
 .debug_frame   0x000000a0       0x20 c:/winavr-20100110/bin/../lib/gcc/avr/4.3.3/avr5\libgcc.a(_gt_sf.o)
 .debug_frame   0x000000c0       0x20 c:/winavr-20100110/bin/../lib/gcc/avr/4.3.3/avr5\libgcc.a(_ge_sf.o)
 .debug_frame   0x000000e0       0x20 c:/winavr-20100110/bin/../lib/gcc/avr/4.3.3/avr5\libgcc.a(_lt_sf.o)
 .debug_frame   0x00000100       0x20 c:/winavr-20100110/bin/../lib/gcc/avr/4.3.3/avr5\libgcc.a(_sf_to_si.o)
 .debug_frame   0x00000120       0x20 c:/winavr-20100110/bin/../lib/gcc/avr/4.3.3/avr5\libgcc.a(_pack_sf.o)
 .debug_frame   0x00000140       0x20 c:/winavr-20100110/bin/../lib/gcc/avr/4.3.3/avr5\libgcc.a(_unpack_sf.o)
 .debug_frame   0x00000160       0x20 c:/winavr-20100110/bin/../lib/gcc/avr/4.3.3/avr5\libgcc.a(_fpcmp_parts_sf.o)

.debug_str      0x00000000      0x2c2
 *(.debug_str)
 .debug_str     0x00000000       0xbf c:/winavr-20100110/bin/../lib/gcc/avr/4.3.3/avr5\libgcc.a(_fixunssfsi.o)
                                 0xfe (size before relaxing)
 .debug_str     0x000000bf      0x14d c:/winavr-20100110/bin/../lib/gcc/avr/4.3.3/avr5\libgcc.a(_addsub_sf.o)
                                0x206 (size before relaxing)
 .debug_str     0x0000020c       0x27 c:/winavr-20100110/bin/../lib/gcc/avr/4.3.3/avr5\libgcc.a(_mul_sf.o)
                                0x1bf (size before relaxing)
 .debug_str     0x00000233       0x35 c:/winavr-20100110/bin/../lib/gcc/avr/4.3.3/avr5\libgcc.a(_div_sf.o)
                                0x1c8 (size before relaxing)
 .debug_str     0x00000268        0xf c:/winavr-20100110/bin/../lib/gcc/avr/4.3.3/avr5\libgcc.a(_gt_sf.o)
                                0x195 (size before relaxing)
 .debug_str     0x00000277        0x8 c:/winavr-20100110/bin/../lib/gcc/avr/4.3.3/avr5\libgcc.a(_ge_sf.o)
                                0x195 (size before relaxing)
 .debug_str     0x0000027f        0x8 c:/winavr-20100110/bin/../lib/gcc/avr/4.3.3/avr5\libgcc.a(_lt_sf.o)
                                0x195 (size before relaxing)
 .debug_str     0x00000287        0xa c:/winavr-20100110/bin/../lib/gcc/avr/4.3.3/avr5\libgcc.a(_sf_to_si.o)
                                0x19e (size before relaxing)
 .debug_str     0x00000000      0x103 c:/winavr-20100110/bin/../lib/gcc/avr/4.3.3/avr5\libgcc.a(_thenan_sf.o)
 .debug_str     0x00000291       0x16 c:/winavr-20100110/bin/../lib/gcc/avr/4.3.3/avr5\libgcc.a(_pack_sf.o)
                                0x19d (size before relaxing)
 .debug_str     0x000002a7        0xb c:/winavr-20100110/bin/../lib/gcc/avr/4.3.3/avr5\libgcc.a(_unpack_sf.o)
                                0x17f (size before relaxing)
 .debug_str     0x000002b2       0x10 c:/winavr-20100110/bin/../lib/gcc/avr/4.3.3/avr5\libgcc.a(_fpcmp_parts_sf.o)
                                0x163 (size before relaxing)

.debug_loc      0x00000000      0x88e
 *(.debug_loc)
 .debug_loc     0x00000000       0x34 c:/winavr-20100110/bin/../lib/gcc/avr/4.3.3/avr5\libgcc.a(_fixunssfsi.o)
 .debug_loc     0x00000034      0x32a c:/winavr-20100110/bin/../lib/gcc/avr/4.3.3/avr5\libgcc.a(_addsub_sf.o)
 .debug_loc     0x0000035e      0x104 c:/winavr-20100110/bin/../lib/gcc/avr/4.3.3/avr5\libgcc.a(_mul_sf.o)
 .debug_loc     0x00000462       0xc0 c:/winavr-20100110/bin/../lib/gcc/avr/4.3.3/avr5\libgcc.a(_div_sf.o)
 .debug_loc     0x00000522       0x3c c:/winavr-20100110/bin/../lib/gcc/avr/4.3.3/avr5\libgcc.a(_gt_sf.o)
 .debug_loc     0x0000055e       0x3c c:/winavr-20100110/bin/../lib/gcc/avr/4.3.3/avr5\libgcc.a(_ge_sf.o)
 .debug_loc     0x0000059a       0x3c c:/winavr-20100110/bin/../lib/gcc/avr/4.3.3/avr5\libgcc.a(_lt_sf.o)
 .debug_loc     0x000005d6       0x7e c:/winavr-20100110/bin/../lib/gcc/avr/4.3.3/avr5\libgcc.a(_sf_to_si.o)
 .debug_loc     0x00000654      0x13e c:/winavr-20100110/bin/../lib/gcc/avr/4.3.3/avr5\libgcc.a(_pack_sf.o)
 .debug_loc     0x00000792       0xac c:/winavr-20100110/bin/../lib/gcc/avr/4.3.3/avr5\libgcc.a(_unpack_sf.o)
 .debug_loc     0x0000083e       0x50 c:/winavr-20100110/bin/../lib/gcc/avr/4.3.3/avr5\libgcc.a(_fpcmp_parts_sf.o)

.debug_macinfo
 *(.debug_macinfo)
OUTPUT(AVR_ATMEGA32_DRIVERS.elf elf32-avr)
LOAD linker stubs

.debug_ranges   0x00000000       0x50
 .debug_ranges  0x00000000       0x50 c:/winavr-20100110/bin/../lib/gcc/avr/4.3.3/avr5\libgcc.a(_mul_sf.o)
