Archive member included because of file (symbol)

c:/winavr-20100110/bin/../lib/gcc/avr/4.3.3/avr5\libgcc.a(_exit.o)
                              c:/winavr-20100110/bin/../lib/gcc/avr/4.3.3/../../../../avr/lib/avr5/crtm32.o (exit)
c:/winavr-20100110/bin/../lib/gcc/avr/4.3.3/avr5\libgcc.a(_copy_data.o)
                              ./MCAL/GPIO/HAL_GPIO.o (__do_copy_data)
c:/winavr-20100110/bin/../lib/gcc/avr/4.3.3/avr5\libgcc.a(_clear_bss.o)
                              ./APP.o (__do_clear_bss)

Memory Configuration

Name             Origin             Length             Attributes
text             0x00000000         0x00020000         xr
data             0x00800060         0x0000ffa0         rw !x
eeprom           0x00810000         0x00010000         rw !x
fuse             0x00820000         0x00000400         rw !x
lock             0x00830000         0x00000400         rw !x
signature        0x00840000         0x00000400         rw !x
*default*        0x00000000         0xffffffff

Linker script and memory map

LOAD c:/winavr-20100110/bin/../lib/gcc/avr/4.3.3/../../../../avr/lib/avr5/crtm32.o
LOAD ./MCAL/GPIO/HAL_GPIO.o
LOAD ./MCAL/Device_CFG.o
LOAD ./ECUAL/Relay/ECU_RELAY.o
LOAD ./ECUAL/LED/ECU_LED.o
LOAD ./ECUAL/Keypad/ECU_KEYPAD.o
LOAD ./ECUAL/DC_MOTOR/ECU_DC_MOTOR.o
LOAD ./ECUAL/BTN/ECU_BTN.o
LOAD ./ECUAL/7 Segment/ECU_7_Segment.o
LOAD ./ECUAL/ECU_INIT.o
LOAD ./APP.o
LOAD c:/winavr-20100110/bin/../lib/gcc/avr/4.3.3/avr5\libgcc.a
LOAD c:/winavr-20100110/bin/../lib/gcc/avr/4.3.3/../../../../avr/lib/avr5\libc.a
LOAD c:/winavr-20100110/bin/../lib/gcc/avr/4.3.3/avr5\libgcc.a

.hash
 *(.hash)

.dynsym
 *(.dynsym)

.dynstr
 *(.dynstr)

.gnu.version
 *(.gnu.version)

.gnu.version_d
 *(.gnu.version_d)

.gnu.version_r
 *(.gnu.version_r)

.rel.init
 *(.rel.init)

.rela.init
 *(.rela.init)

.rel.text
 *(.rel.text)
 *(.rel.text.*)
 *(.rel.gnu.linkonce.t*)

.rela.text
 *(.rela.text)
 *(.rela.text.*)
 *(.rela.gnu.linkonce.t*)

.rel.fini
 *(.rel.fini)

.rela.fini
 *(.rela.fini)

.rel.rodata
 *(.rel.rodata)
 *(.rel.rodata.*)
 *(.rel.gnu.linkonce.r*)

.rela.rodata
 *(.rela.rodata)
 *(.rela.rodata.*)
 *(.rela.gnu.linkonce.r*)

.rel.data
 *(.rel.data)
 *(.rel.data.*)
 *(.rel.gnu.linkonce.d*)

.rela.data
 *(.rela.data)
 *(.rela.data.*)
 *(.rela.gnu.linkonce.d*)

.rel.ctors
 *(.rel.ctors)

.rela.ctors
 *(.rela.ctors)

.rel.dtors
 *(.rel.dtors)

.rela.dtors
 *(.rela.dtors)

.rel.got
 *(.rel.got)

.rela.got
 *(.rela.got)

.rel.bss
 *(.rel.bss)

.rela.bss
 *(.rela.bss)

.rel.plt
 *(.rel.plt)

.rela.plt
 *(.rela.plt)

.text           0x00000000      0xf38
 *(.vectors)
 .vectors       0x00000000       0x54 c:/winavr-20100110/bin/../lib/gcc/avr/4.3.3/../../../../avr/lib/avr5/crtm32.o
                0x00000000                __vectors
                0x00000000                __vector_default
 *(.vectors)
 *(.progmem.gcc*)
 *(.progmem*)
                0x00000054                . = ALIGN (0x2)
                0x00000054                __trampolines_start = .
 *(.trampolines)
 .trampolines   0x00000054        0x0 linker stubs
 *(.trampolines*)
                0x00000054                __trampolines_end = .
 *(.jumptables)
 *(.jumptables*)
 *(.lowtext)
 *(.lowtext*)
                0x00000054                __ctors_start = .
 *(.ctors)
                0x00000054                __ctors_end = .
                0x00000054                __dtors_start = .
 *(.dtors)
                0x00000054                __dtors_end = .
 SORT(*)(.ctors)
 SORT(*)(.dtors)
 *(.init0)
 .init0         0x00000054        0x0 c:/winavr-20100110/bin/../lib/gcc/avr/4.3.3/../../../../avr/lib/avr5/crtm32.o
                0x00000054                __init
 *(.init0)
 *(.init1)
 *(.init1)
 *(.init2)
 .init2         0x00000054        0xc c:/winavr-20100110/bin/../lib/gcc/avr/4.3.3/../../../../avr/lib/avr5/crtm32.o
 *(.init2)
 *(.init3)
 *(.init3)
 *(.init4)
 .init4         0x00000060       0x16 c:/winavr-20100110/bin/../lib/gcc/avr/4.3.3/avr5\libgcc.a(_copy_data.o)
                0x00000060                __do_copy_data
 .init4         0x00000076       0x10 c:/winavr-20100110/bin/../lib/gcc/avr/4.3.3/avr5\libgcc.a(_clear_bss.o)
                0x00000076                __do_clear_bss
 *(.init4)
 *(.init5)
 *(.init5)
 *(.init6)
 *(.init6)
 *(.init7)
 *(.init7)
 *(.init8)
 *(.init8)
 *(.init9)
 .init9         0x00000086        0x8 c:/winavr-20100110/bin/../lib/gcc/avr/4.3.3/../../../../avr/lib/avr5/crtm32.o
 *(.init9)
 *(.text)
 .text          0x0000008e        0x4 c:/winavr-20100110/bin/../lib/gcc/avr/4.3.3/../../../../avr/lib/avr5/crtm32.o
                0x0000008e                __vector_1
                0x0000008e                __vector_12
                0x0000008e                __bad_interrupt
                0x0000008e                __vector_6
                0x0000008e                __vector_3
                0x0000008e                __vector_11
                0x0000008e                __vector_13
                0x0000008e                __vector_17
                0x0000008e                __vector_19
                0x0000008e                __vector_7
                0x0000008e                __vector_5
                0x0000008e                __vector_4
                0x0000008e                __vector_9
                0x0000008e                __vector_2
                0x0000008e                __vector_15
                0x0000008e                __vector_8
                0x0000008e                __vector_14
                0x0000008e                __vector_10
                0x0000008e                __vector_16
                0x0000008e                __vector_18
                0x0000008e                __vector_20
 .text          0x00000092        0x0 ./MCAL/GPIO/HAL_GPIO.o
 .text          0x00000092        0x0 ./MCAL/Device_CFG.o
 .text          0x00000092        0x0 ./ECUAL/Relay/ECU_RELAY.o
 .text          0x00000092        0x0 ./ECUAL/LED/ECU_LED.o
 .text          0x00000092        0x0 ./ECUAL/Keypad/ECU_KEYPAD.o
 .text          0x00000092        0x0 ./ECUAL/DC_MOTOR/ECU_DC_MOTOR.o
 .text          0x00000092        0x0 ./ECUAL/BTN/ECU_BTN.o
 .text          0x00000092        0x0 ./ECUAL/7 Segment/ECU_7_Segment.o
 .text          0x00000092        0x0 ./ECUAL/ECU_INIT.o
 .text          0x00000092        0x0 ./APP.o
 .text          0x00000092        0x0 c:/winavr-20100110/bin/../lib/gcc/avr/4.3.3/avr5\libgcc.a(_exit.o)
 .text          0x00000092        0x0 c:/winavr-20100110/bin/../lib/gcc/avr/4.3.3/avr5\libgcc.a(_copy_data.o)
 .text          0x00000092        0x0 c:/winavr-20100110/bin/../lib/gcc/avr/4.3.3/avr5\libgcc.a(_clear_bss.o)
                0x00000092                . = ALIGN (0x2)
 *(.text.*)
 .text.GPIO_PIN_DIRECTION_INITIALIZE
                0x00000092      0x140 ./MCAL/GPIO/HAL_GPIO.o
                0x00000092                GPIO_PIN_DIRECTION_INITIALIZE
 .text.GPIO_PIN_GET_DIRECTION
                0x000001d2       0xa2 ./MCAL/GPIO/HAL_GPIO.o
                0x000001d2                GPIO_PIN_GET_DIRECTION
 .text.GPIO_PIN_WRITE_LOGIC
                0x00000274      0x136 ./MCAL/GPIO/HAL_GPIO.o
                0x00000274                GPIO_PIN_WRITE_LOGIC
 .text.GPIO_PIN_READ_LOGIC
                0x000003aa       0xa2 ./MCAL/GPIO/HAL_GPIO.o
                0x000003aa                GPIO_PIN_READ_LOGIC
 .text.GPIO_PIN_TOGGLE_LOGIC
                0x0000044c       0xa6 ./MCAL/GPIO/HAL_GPIO.o
                0x0000044c                GPIO_PIN_TOGGLE_LOGIC
 .text.GPIO_PIN_INITIALIZE
                0x000004f2       0x6a ./MCAL/GPIO/HAL_GPIO.o
                0x000004f2                GPIO_PIN_INITIALIZE
 .text.GPIO_PORT_DIRECTION_INITIALIZE
                0x0000055c       0x46 ./MCAL/GPIO/HAL_GPIO.o
                0x0000055c                GPIO_PORT_DIRECTION_INITIALIZE
 .text.GPIO_PORT_GET_DIRECTION
                0x000005a2       0x56 ./MCAL/GPIO/HAL_GPIO.o
                0x000005a2                GPIO_PORT_GET_DIRECTION
 .text.GPIO_PORT_WRITE_LOGIC
                0x000005f8       0x46 ./MCAL/GPIO/HAL_GPIO.o
                0x000005f8                GPIO_PORT_WRITE_LOGIC
 .text.GPIO_PORT_READ_LOGIC
                0x0000063e       0x56 ./MCAL/GPIO/HAL_GPIO.o
                0x0000063e                GPIO_PORT_READ_LOGIC
 .text.GPIO_PORT_TOGGLE_LOGIC
                0x00000694       0x56 ./MCAL/GPIO/HAL_GPIO.o
                0x00000694                GPIO_PORT_TOGGLE_LOGIC
 .text.RELAY_INITIALIZE
                0x000006ea       0x38 ./ECUAL/Relay/ECU_RELAY.o
                0x000006ea                RELAY_INITIALIZE
 .text.RELAY_TURN_ON
                0x00000722       0x40 ./ECUAL/Relay/ECU_RELAY.o
                0x00000722                RELAY_TURN_ON
 .text.RELAY_TURN_OFF
                0x00000762       0x3e ./ECUAL/Relay/ECU_RELAY.o
                0x00000762                RELAY_TURN_OFF
 .text.RELAY_TOGGLE
                0x000007a0       0x38 ./ECUAL/Relay/ECU_RELAY.o
                0x000007a0                RELAY_TOGGLE
 .text.RELAY_GET_STATUS
                0x000007d8       0x50 ./ECUAL/Relay/ECU_RELAY.o
                0x000007d8                RELAY_GET_STATUS
 .text.LED_INITIALIZE
                0x00000828       0x38 ./ECUAL/LED/ECU_LED.o
                0x00000828                LED_INITIALIZE
 .text.LED_TURN_ON
                0x00000860       0x3a ./ECUAL/LED/ECU_LED.o
                0x00000860                LED_TURN_ON
 .text.LED_TURN_OFF
                0x0000089a       0x3a ./ECUAL/LED/ECU_LED.o
                0x0000089a                LED_TURN_OFF
 .text.LED_TOGGLE
                0x000008d4       0x38 ./ECUAL/LED/ECU_LED.o
                0x000008d4                LED_TOGGLE
 .text.LED_GET_LOGIC
                0x0000090c       0x50 ./ECUAL/LED/ECU_LED.o
                0x0000090c                LED_GET_LOGIC
 .text.KEYPAD_INITIALIZE
                0x0000095c       0x82 ./ECUAL/Keypad/ECU_KEYPAD.o
                0x0000095c                KEYPAD_INITIALIZE
 .text.KEYPAD_GET_DATA
                0x000009de      0x13e ./ECUAL/Keypad/ECU_KEYPAD.o
                0x000009de                KEYPAD_GET_DATA
 .text.DC_MOTOR_INITIALIZE
                0x00000b1c       0x44 ./ECUAL/DC_MOTOR/ECU_DC_MOTOR.o
                0x00000b1c                DC_MOTOR_INITIALIZE
 .text.DC_MOTOR_ROTATE_CW
                0x00000b60       0x54 ./ECUAL/DC_MOTOR/ECU_DC_MOTOR.o
                0x00000b60                DC_MOTOR_ROTATE_CW
 .text.DC_MOTOR_ROTATE_CCW
                0x00000bb4       0x54 ./ECUAL/DC_MOTOR/ECU_DC_MOTOR.o
                0x00000bb4                DC_MOTOR_ROTATE_CCW
 .text.DC_MOTOR_STOP
                0x00000c08       0x52 ./ECUAL/DC_MOTOR/ECU_DC_MOTOR.o
                0x00000c08                DC_MOTOR_STOP
 .text.DC_MOTOR_GET_ROTATION_DIRECTION
                0x00000c5a       0xa4 ./ECUAL/DC_MOTOR/ECU_DC_MOTOR.o
                0x00000c5a                DC_MOTOR_GET_ROTATION_DIRECTION
 .text.BTN_INITIALIZE
                0x00000cfe       0x38 ./ECUAL/BTN/ECU_BTN.o
                0x00000cfe                BTN_INITIALIZE
 .text.BTN_GET_STATUS
                0x00000d36       0x9c ./ECUAL/BTN/ECU_BTN.o
                0x00000d36                BTN_GET_STATUS
 .text.SEGMENT_INITIALIZE
                0x00000dd2       0x60 ./ECUAL/7 Segment/ECU_7_Segment.o
                0x00000dd2                SEGMENT_INITIALIZE
 .text.SEGMENT_WRITE_VALUE
                0x00000e32       0x86 ./ECUAL/7 Segment/ECU_7_Segment.o
                0x00000e32                SEGMENT_WRITE_VALUE
 .text.ECU_INITIALIZE
                0x00000eb8       0x28 ./ECUAL/ECU_INIT.o
                0x00000eb8                ECU_INITIALIZE
 .text.main     0x00000ee0       0x42 ./APP.o
                0x00000ee0                main
 .text.Application_intialize
                0x00000f22       0x12 ./APP.o
                0x00000f22                Application_intialize
 .text.libgcc   0x00000f34        0x0 c:/winavr-20100110/bin/../lib/gcc/avr/4.3.3/avr5\libgcc.a(_exit.o)
 .text.libgcc   0x00000f34        0x0 c:/winavr-20100110/bin/../lib/gcc/avr/4.3.3/avr5\libgcc.a(_copy_data.o)
 .text.libgcc   0x00000f34        0x0 c:/winavr-20100110/bin/../lib/gcc/avr/4.3.3/avr5\libgcc.a(_clear_bss.o)
                0x00000f34                . = ALIGN (0x2)
 *(.fini9)
 .fini9         0x00000f34        0x0 c:/winavr-20100110/bin/../lib/gcc/avr/4.3.3/avr5\libgcc.a(_exit.o)
                0x00000f34                exit
                0x00000f34                _exit
 *(.fini9)
 *(.fini8)
 *(.fini8)
 *(.fini7)
 *(.fini7)
 *(.fini6)
 *(.fini6)
 *(.fini5)
 *(.fini5)
 *(.fini4)
 *(.fini4)
 *(.fini3)
 *(.fini3)
 *(.fini2)
 *(.fini2)
 *(.fini1)
 *(.fini1)
 *(.fini0)
 .fini0         0x00000f34        0x4 c:/winavr-20100110/bin/../lib/gcc/avr/4.3.3/avr5\libgcc.a(_exit.o)
 *(.fini0)
                0x00000f38                _etext = .

.data           0x00800060       0x32 load address 0x00000f38
                0x00800060                PROVIDE (__data_start, .)
 *(.data)
 .data          0x00800060        0x0 c:/winavr-20100110/bin/../lib/gcc/avr/4.3.3/../../../../avr/lib/avr5/crtm32.o
 .data          0x00800060        0x0 ./MCAL/GPIO/HAL_GPIO.o
 .data          0x00800060        0x0 ./MCAL/Device_CFG.o
 .data          0x00800060        0x0 ./ECUAL/Relay/ECU_RELAY.o
 .data          0x00800060        0x0 ./ECUAL/LED/ECU_LED.o
 .data          0x00800060        0x0 ./ECUAL/Keypad/ECU_KEYPAD.o
 .data          0x00800060        0x0 ./ECUAL/DC_MOTOR/ECU_DC_MOTOR.o
 .data          0x00800060        0x0 ./ECUAL/BTN/ECU_BTN.o
 .data          0x00800060        0x0 ./ECUAL/7 Segment/ECU_7_Segment.o
 .data          0x00800060        0x0 ./ECUAL/ECU_INIT.o
 .data          0x00800060        0x0 ./APP.o
 .data          0x00800060        0x0 c:/winavr-20100110/bin/../lib/gcc/avr/4.3.3/avr5\libgcc.a(_exit.o)
 .data          0x00800060        0x0 c:/winavr-20100110/bin/../lib/gcc/avr/4.3.3/avr5\libgcc.a(_copy_data.o)
 .data          0x00800060        0x0 c:/winavr-20100110/bin/../lib/gcc/avr/4.3.3/avr5\libgcc.a(_clear_bss.o)
 *(.data*)
 .data.DDR_REG  0x00800060        0x8 ./MCAL/GPIO/HAL_GPIO.o
                0x00800060                DDR_REG
 .data.PIN_REG  0x00800068        0x8 ./MCAL/GPIO/HAL_GPIO.o
                0x00800068                PIN_REG
 .data.PORT_REG
                0x00800070        0x8 ./MCAL/GPIO/HAL_GPIO.o
                0x00800070                PORT_REG
 .data.keypad_semi_calc
                0x00800078       0x10 ./ECUAL/Keypad/ECU_KEYPAD.o
                0x00800078                keypad_semi_calc
 .data.keypad1  0x00800088        0x9 ./ECUAL/ECU_INIT.o
                0x00800088                keypad1
 .data.led1     0x00800091        0x1 ./ECUAL/ECU_INIT.o
                0x00800091                led1
 *(.rodata)
 *(.rodata*)
 *(.gnu.linkonce.d*)
                0x00800092                . = ALIGN (0x2)
                0x00800092                _edata = .
                0x00800092                PROVIDE (__data_end, .)

.bss            0x00800092        0x2
                0x00800092                PROVIDE (__bss_start, .)
 *(.bss)
 .bss           0x00800092        0x0 c:/winavr-20100110/bin/../lib/gcc/avr/4.3.3/../../../../avr/lib/avr5/crtm32.o
 .bss           0x00800092        0x0 ./MCAL/GPIO/HAL_GPIO.o
 .bss           0x00800092        0x0 ./MCAL/Device_CFG.o
 .bss           0x00800092        0x0 ./ECUAL/Relay/ECU_RELAY.o
 .bss           0x00800092        0x0 ./ECUAL/LED/ECU_LED.o
 .bss           0x00800092        0x0 ./ECUAL/Keypad/ECU_KEYPAD.o
 .bss           0x00800092        0x0 ./ECUAL/DC_MOTOR/ECU_DC_MOTOR.o
 .bss           0x00800092        0x0 ./ECUAL/BTN/ECU_BTN.o
 .bss           0x00800092        0x0 ./ECUAL/7 Segment/ECU_7_Segment.o
 .bss           0x00800092        0x0 ./ECUAL/ECU_INIT.o
 .bss           0x00800092        0x0 ./APP.o
 .bss           0x00800092        0x0 c:/winavr-20100110/bin/../lib/gcc/avr/4.3.3/avr5\libgcc.a(_exit.o)
 .bss           0x00800092        0x0 c:/winavr-20100110/bin/../lib/gcc/avr/4.3.3/avr5\libgcc.a(_copy_data.o)
 .bss           0x00800092        0x0 c:/winavr-20100110/bin/../lib/gcc/avr/4.3.3/avr5\libgcc.a(_clear_bss.o)
 *(.bss*)
 .bss.Ret       0x00800092        0x1 ./APP.o
                0x00800092                Ret
 .bss.var       0x00800093        0x1 ./APP.o
                0x00800093                var
 *(COMMON)
                0x00800094                PROVIDE (__bss_end, .)
                0x00000f38                __data_load_start = LOADADDR (.data)
                0x00000f6a                __data_load_end = (__data_load_start + SIZEOF (.data))

.noinit         0x00800094        0x0
                0x00800094                PROVIDE (__noinit_start, .)
 *(.noinit*)
                0x00800094                PROVIDE (__noinit_end, .)
                0x00800094                _end = .
                0x00800094                PROVIDE (__heap_start, .)

.eeprom         0x00810000        0x0
 *(.eeprom*)
                0x00810000                __eeprom_end = .

.fuse
 *(.fuse)
 *(.lfuse)
 *(.hfuse)
 *(.efuse)

.lock
 *(.lock*)

.signature
 *(.signature*)

.stab           0x00000000     0x3390
 *(.stab)
 .stab          0x00000000      0xbc4 ./MCAL/GPIO/HAL_GPIO.o
 .stab          0x00000bc4       0xd8 ./MCAL/Device_CFG.o
                                 0xe4 (size before relaxing)
 .stab          0x00000c9c      0x5f4 ./ECUAL/Relay/ECU_RELAY.o
                                0x840 (size before relaxing)
 .stab          0x00001290      0x594 ./ECUAL/LED/ECU_LED.o
                                0x7e0 (size before relaxing)
 .stab          0x00001824      0x5b8 ./ECUAL/Keypad/ECU_KEYPAD.o
                                0x804 (size before relaxing)
 .stab          0x00001ddc      0x744 ./ECUAL/DC_MOTOR/ECU_DC_MOTOR.o
                                0x990 (size before relaxing)
 .stab          0x00002520      0x498 ./ECUAL/BTN/ECU_BTN.o
                                0x6e4 (size before relaxing)
 .stab          0x000029b8      0x45c ./ECUAL/7 Segment/ECU_7_Segment.o
                                0x6a8 (size before relaxing)
 .stab          0x00002e14      0x2e8 ./ECUAL/ECU_INIT.o
                                0x6fc (size before relaxing)
 .stab          0x000030fc      0x294 ./APP.o
                                0x744 (size before relaxing)

.stabstr        0x00000000     0x216c
 *(.stabstr)
 .stabstr       0x00000000     0x216c ./MCAL/GPIO/HAL_GPIO.o

.stab.excl
 *(.stab.excl)

.stab.exclstr
 *(.stab.exclstr)

.stab.index
 *(.stab.index)

.stab.indexstr
 *(.stab.indexstr)

.comment
 *(.comment)

.debug
 *(.debug)

.line
 *(.line)

.debug_srcinfo
 *(.debug_srcinfo)

.debug_sfnames
 *(.debug_sfnames)

.debug_aranges
 *(.debug_aranges)

.debug_pubnames
 *(.debug_pubnames)

.debug_info
 *(.debug_info)
 *(.gnu.linkonce.wi.*)

.debug_abbrev
 *(.debug_abbrev)

.debug_line
 *(.debug_line)

.debug_frame
 *(.debug_frame)

.debug_str
 *(.debug_str)

.debug_loc
 *(.debug_loc)

.debug_macinfo
 *(.debug_macinfo)
OUTPUT(AVR_ATMEGA32_DRIVERS.elf elf32-avr)
LOAD linker stubs
